C51 COMPILER V9.54   INTERRUPT                                                             05/20/2022 10:46:22 PAGE 1   


C51 COMPILER V9.54, COMPILATION OF MODULE INTERRUPT
OBJECT MODULE PLACED IN .\Objects\interrupt.obj
COMPILER INVOKED BY: D:\KEIL\C51\BIN\C51.EXE Src\interrupt.c OPTIMIZE(8,SPEED) BROWSE INCDIR(.\Include) DEBUG OBJECTEXTE
                    -ND PRINT(.\Listings\interrupt.lst) TABS(2) OBJECT(.\Objects\interrupt.obj)

line level    source

   1          #include<reg52.h>
   2          #include"time.h"
   3          #include"interrupt.h"
   4          
   5          
   6          


MODULE INFORMATION:   STATIC OVERLAYABLE
   CODE SIZE        =   ----    ----
   CONSTANT SIZE    =   ----    ----
   XDATA SIZE       =   ----    ----
   PDATA SIZE       =   ----    ----
   DATA SIZE        =   ----    ----
   IDATA SIZE       =   ----    ----
   BIT SIZE         =   ----    ----
END OF MODULE INFORMATION.


C51 COMPILATION COMPLETE.  0 WARNING(S),  0 ERROR(S)
